To run a command as administrator (user "root"), use "sudo <command>".
See "man sudo_root" for details.

stu@stu-HP-Compaq-Pro-6300-MT:~$ cd Desktop/
stu@stu-HP-Compaq-Pro-6300-MT:~/Desktop$ cd Tasks/
stu@stu-HP-Compaq-Pro-6300-MT:~/Desktop/Tasks$ cmatrix
Command 'cmatrix' not found, but can be installed with:
sudo apt install cmatrix
stu@stu-HP-Compaq-Pro-6300-MT:~/Desktop/Tasks$ sudo apt install cmatrix
[sudo] password for stu: 
Reading package lists... Done
Building dependency tree... Done
Reading state information... Done
Suggested packages:
  cmatrix-xfont
The following NEW packages will be installed:
  cmatrix
0 upgraded, 1 newly installed, 0 to remove and 53 not upgraded.
Need to get 17.1 kB of archives.
After this operation, 57.3 kB of additional disk space will be used.
Get:1 http://bd.archive.ubuntu.com/ubuntu jammy/universe amd64 cmatrix amd64 2.0-3 [17.1 kB]
Fetched 17.1 kB in 1s (24.0 kB/s)  
Selecting previously unselected package cmatrix.
(Reading database ... 206904 files and directories currently installed.)
Preparing to unpack .../cmatrix_2.0-3_amd64.deb ...
Unpacking cmatrix (2.0-3) ...
Setting up cmatrix (2.0-3) ...
Processing triggers for mailcap (3.70+nmu1ubuntu1) ...
Processing triggers for desktop-file-utils (0.26-1ubuntu3) ...
Processing triggers for gnome-menus (3.36.0-1ubuntu3) ...
Processing triggers for man-db (2.10.2-1) ...
stu@stu-HP-Compaq-Pro-6300-MT:~/Desktop/Tasks$ cmatrix
stu@stu-HP-Compaq-Pro-6300-MT:~/Desktop/Tasks$ uniq badrul

clear

stu@stu-HP-Compaq-Pro-6300-MT:~/Desktop/Tasks$ uniq badrul.txt
badrul
alom
tawsyat
saiham
islam
abid
shah
tajbid
tousif
takrim
elahi
chowdhury

stu@stu-HP-Compaq-Pro-6300-MT:~/Desktop/Tasks$ uniq badrul.txt
badrul
alom
tawsyat
saiham
islam
abid
shah
tajbid
tousif
takrim
elahi
chowdhury

stu@stu-HP-Compaq-Pro-6300-MT:~/Desktop/Tasks$ sort badrul.txt

abid
alom
badrul
chowdhury
elahi
islam
saiham
shah
tajbid
takrim
tawsyat
tousif
stu@stu-HP-Compaq-Pro-6300-MT:~/Desktop/Tasks$ sort badrul.txt >badrul2.txt
stu@stu-HP-Compaq-Pro-6300-MT:~/Desktop/Tasks$ uniq badrul2.txt

abid
alom
badrul
chowdhury
elahi
islam
saiham
shah
tajbid
takrim
tawsyat
tousif
stu@stu-HP-Compaq-Pro-6300-MT:~/Desktop/Tasks$ sort badrul.txt | uniq

abid
alom
badrul
chowdhury
elahi
islam
saiham
shah
tajbid
takrim
tawsyat
tousif
stu@stu-HP-Compaq-Pro-6300-MT:~/Desktop/Tasks$ uniq --count badrul.txt
      1 badrul
      1 alom
      1 tawsyat
      1 saiham
      1 islam
      1 abid
      1 shah
      1 tajbid
      1 tousif
      1 takrim
      1 elahi
      1 chowdhury
      1 
stu@stu-HP-Compaq-Pro-6300-MT:~/Desktop/Tasks$ uniq --count badrul.txt
      3 badrul
      1 alom
      1 tawsyat
      1 saiham
      1 islam
      1 abid
      1 shah
      1 tajbid
      1 tousif
      1 takrim
      1 elahi
      1 chowdhury
      1 
stu@stu-HP-Compaq-Pro-6300-MT:~/Desktop/Tasks$ uniq --count badrul.txt
      3 badrul
      1 alom
      1 tawsyat
      1 saiham
      1 islam
      1 abid
      1 shah
      1 tajbid
      1 tousif
      1 takrim
      1 elahi
      1 chowdhury
stu@stu-HP-Compaq-Pro-6300-MT:~/Desktop/Tasks$ uniq --count badrul.txt | sort -n
      1 abid
      1 alom
      1 chowdhury
      1 elahi
      1 islam
      1 saiham
      1 shah
      1 tajbid
      1 takrim
      1 tawsyat
      1 tousif
      3 badrul
stu@stu-HP-Compaq-Pro-6300-MT:~/Desktop/Tasks$ ^C
stu@stu-HP-Compaq-Pro-6300-MT:~/Desktop/Tasks$ 
